#-----------------------------------------------------------
# Vivado v2017.3 (64-bit)
# SW Build 2018833 on Wed Oct  4 19:58:22 MDT 2017
# IP Build 2016188 on Wed Oct  4 21:52:56 MDT 2017
# Start of session at: Fri Oct 27 13:36:11 2017
# Process ID: 11456
# Current directory: C:/Users/chris/OneDrive/HW_Projects/InterNoC/Codebase/InterNoC/InterNoC.runs/DemoInterconnect_axi_spi_master_1_1_synth_1
# Command line: vivado.exe -log DemoInterconnect_axi_spi_master_1_1.vds -product Vivado -mode batch -messageDb vivado.pb -notrace -source DemoInterconnect_axi_spi_master_1_1.tcl
# Log file: C:/Users/chris/OneDrive/HW_Projects/InterNoC/Codebase/InterNoC/InterNoC.runs/DemoInterconnect_axi_spi_master_1_1_synth_1/DemoInterconnect_axi_spi_master_1_1.vds
# Journal file: C:/Users/chris/OneDrive/HW_Projects/InterNoC/Codebase/InterNoC/InterNoC.runs/DemoInterconnect_axi_spi_master_1_1_synth_1\vivado.jou
#-----------------------------------------------------------
source DemoInterconnect_axi_spi_master_1_1.tcl -notrace
