Copyright 1986-2017 Xilinx, Inc. All Rights Reserved.
--------------------------------------------------------------------------------------------
| Tool Version : Vivado v.2017.3 (win64) Build 2018833 Wed Oct  4 19:58:22 MDT 2017
| Date         : Tue Oct 24 01:39:54 2017
| Host         : CHRIS-PC running 64-bit major release  (build 9200)
| Command      : report_control_sets -file DemoInterconnect_wrapper_control_sets_placed.rpt
| Design       : DemoInterconnect_wrapper
| Device       : xc7a15t
--------------------------------------------------------------------------------------------

Control Set Information

Table of Contents
-----------------
1. Summary
2. Flip-Flop Distribution

1. Summary
----------

+-------------------------------+-------+
|             Status            | Count |
+-------------------------------+-------+
| Number of unique control sets |   196 |
+-------------------------------+-------+


2. Flip-Flop Distribution
-------------------------

+--------------+-----------------------+------------------------+-----------------+--------------+
| Clock Enable | Synchronous Set/Reset | Asynchronous Set/Reset | Total Registers | Total Slices |
+--------------+-----------------------+------------------------+-----------------+--------------+
| No           | No                    | No                     |             804 |          270 |
| No           | No                    | Yes                    |             173 |           54 |
| No           | Yes                   | No                     |             459 |          156 |
| Yes          | No                    | No                     |            1312 |          366 |
| Yes          | No                    | Yes                    |              82 |           17 |
| Yes          | Yes                   | No                     |            1252 |          306 |
+--------------+-----------------------+------------------------+-----------------+--------------+


