Copyright 1986-2017 Xilinx, Inc. All Rights Reserved.
------------------------------------------------------------------------------------------------------
| Tool Version : Vivado v.2017.3 (win64) Build 2018833 Wed Oct  4 19:58:22 MDT 2017
| Date         : Sun Oct 29 03:02:41 2017
| Host         : egk-pc running 64-bit major release  (build 9200)
| Command      : report_clock_utilization -file DemoInterconnect_wrapper_clock_utilization_routed.rpt
| Design       : DemoInterconnect_wrapper
| Device       : 7a15t-cpg236
| Speed File   : -1  PRODUCTION 1.19 2017-08-11
------------------------------------------------------------------------------------------------------

Clock Utilization Report

Table of Contents
-----------------
1. Clock Primitive Utilization
2. Global Clock Resources
3. Global Clock Source Details
4. Local Clock Details
5. Clock Regions: Key Resource Utilization
6. Clock Regions : Global Clock Summary
7. Device Cell Placement Summary for Global Clock g0
8. Device Cell Placement Summary for Global Clock g1
9. Device Cell Placement Summary for Global Clock g2
10. Device Cell Placement Summary for Global Clock g3
11. Device Cell Placement Summary for Global Clock g4
12. Device Cell Placement Summary for Global Clock g5
13. Device Cell Placement Summary for Global Clock g6
14. Clock Region Cell Placement per Global Clock: Region X0Y0
15. Clock Region Cell Placement per Global Clock: Region X1Y0
16. Clock Region Cell Placement per Global Clock: Region X0Y1
17. Clock Region Cell Placement per Global Clock: Region X1Y1
18. Clock Region Cell Placement per Global Clock: Region X0Y2
19. Clock Region Cell Placement per Global Clock: Region X1Y2

1. Clock Primitive Utilization
------------------------------

+----------+------+-----------+-----+--------------+--------+
| Type     | Used | Available | LOC | Clock Region | Pblock |
+----------+------+-----------+-----+--------------+--------+
| BUFGCTRL |    5 |        32 |   0 |            0 |      0 |
| BUFH     |    2 |        72 |   0 |            0 |      0 |
| BUFIO    |    0 |        20 |   0 |            0 |      0 |
| BUFMR    |    0 |        10 |   0 |            0 |      0 |
| BUFR     |    0 |        20 |   0 |            0 |      0 |
| MMCM     |    2 |         5 |   0 |            0 |      0 |
| PLL      |    0 |         5 |   0 |            0 |      0 |
+----------+------+-----------+-----+--------------+--------+


2. Global Clock Resources
-------------------------

+-----------+-----------+-----------------+------------+---------------+--------------+-------------------+-------------+-----------------+--------------+--------------------------------------------------------------------------------------------+----------------------------------------------------------------------+-----------------------------------------------------------------------------+
| Global Id | Source Id | Driver Type/Pin | Constraint | Site          | Clock Region | Load Clock Region | Clock Loads | Non-Clock Loads | Clock Period | Clock                                                                                      | Driver Pin                                                           | Net                                                                         |
+-----------+-----------+-----------------+------------+---------------+--------------+-------------------+-------------+-----------------+--------------+--------------------------------------------------------------------------------------------+----------------------------------------------------------------------+-----------------------------------------------------------------------------+
| g0        | src0      | BUFG/O          | None       | BUFGCTRL_X0Y2 | n/a          |                 6 |        2936 |               0 |       13.889 | USE_DIVIDER.dclk_mmcm                                                                      | dbg_hub/inst/BSCANID.u_xsdbm_id/USE_DIVIDER.BUFG_inst_div/O          | dbg_hub/inst/BSCANID.u_xsdbm_id/sl_iport0_o[1]                              |
| g1        | src1      | BUFGCTRL/O      | None       | BUFGCTRL_X0Y0 | n/a          |                 5 |        2622 |               1 |       13.889 | aclk_DemoInterconnect_clk_wiz_0_0                                                          | DemoInterconnect_i/clk_wiz_0/inst/clkout1_buf/O                      | DemoInterconnect_i/clk_wiz_0/inst/aclk                                      |
| g2        | src1      | BUFH/O          | None       | BUFHCE_X0Y0   | X0Y0         |                 1 |           8 |               0 |       13.889 | aclk_DemoInterconnect_clk_wiz_0_0                                                          | DemoInterconnect_i/clk_wiz_0/inst/clkout1_buf_en/O                   | DemoInterconnect_i/clk_wiz_0/inst/aclk_DemoInterconnect_clk_wiz_0_0_en_clk  |
| g3        | src2      | BUFG/O          | None       | BUFGCTRL_X0Y3 | n/a          |                 3 |         462 |               0 |       33.000 | dbg_hub/inst/BSCANID.u_xsdbm_id/SWITCH_N_EXT_BSCAN.bscan_inst/SERIES7_BSCAN.bscan_inst/TCK | dbg_hub/inst/BSCANID.u_xsdbm_id/SWITCH_N_EXT_BSCAN.u_bufg_icon_tck/O | dbg_hub/inst/BSCANID.u_xsdbm_id/itck_i                                      |
| g4        | src1      | BUFGCTRL/O      | None       | BUFGCTRL_X0Y1 | n/a          |                 3 |          94 |               1 |       83.333 | uart_DemoInterconnect_clk_wiz_0_0                                                          | DemoInterconnect_i/clk_wiz_0/inst/clkout2_buf/O                      | DemoInterconnect_i/clk_wiz_0/inst/uart                                      |
| g5        | src1      | BUFH/O          | None       | BUFHCE_X0Y1   | X0Y0         |                 1 |           8 |               0 |       83.333 | uart_DemoInterconnect_clk_wiz_0_0                                                          | DemoInterconnect_i/clk_wiz_0/inst/clkout2_buf_en/O                   | DemoInterconnect_i/clk_wiz_0/inst/uart_DemoInterconnect_clk_wiz_0_0_en_clk  |
| g6        | src1      | BUFG/O          | None       | BUFGCTRL_X0Y4 | n/a          |                 1 |           1 |               0 |       83.333 | clkfbout_DemoInterconnect_clk_wiz_0_0                                                      | DemoInterconnect_i/clk_wiz_0/inst/clkf_buf/O                         | DemoInterconnect_i/clk_wiz_0/inst/clkfbout_buf_DemoInterconnect_clk_wiz_0_0 |
+-----------+-----------+-----------------+------------+---------------+--------------+-------------------+-------------+-----------------+--------------+--------------------------------------------------------------------------------------------+----------------------------------------------------------------------+-----------------------------------------------------------------------------+
* Clock Loads column represents the clock pin loads (pin count)
** Non-Clock Loads column represents the non-clock pin loads (pin count)


3. Global Clock Source Details
------------------------------

+-----------+-----------+---------------------+------------+-----------------+--------------+-------------+-----------------+---------------------+--------------------------------------------------------------------------------------------+--------------------------------------------------------------------------------------------+-------------------------------------------------------------------------+
| Source Id | Global Id | Driver Type/Pin     | Constraint | Site            | Clock Region | Clock Loads | Non-Clock Loads | Source Clock Period | Source Clock                                                                               | Driver Pin                                                                                 | Net                                                                     |
+-----------+-----------+---------------------+------------+-----------------+--------------+-------------+-----------------+---------------------+--------------------------------------------------------------------------------------------+--------------------------------------------------------------------------------------------+-------------------------------------------------------------------------+
| src0      | g0        | MMCME2_ADV/CLKOUT0  | None       | MMCME2_ADV_X1Y0 | X1Y0         |           1 |               0 |              13.889 | USE_DIVIDER.dclk_mmcm                                                                      | dbg_hub/inst/BSCANID.u_xsdbm_id/USE_DIVIDER.N_ULTRASCALE.U_GT_MMCM/CLKOUT0                 | dbg_hub/inst/BSCANID.u_xsdbm_id/USE_DIVIDER.dclk_mmcm                   |
| src1      | g1, g2    | MMCME2_ADV/CLKOUT0  | None       | MMCME2_ADV_X0Y0 | X0Y0         |           2 |               0 |              13.889 | aclk_DemoInterconnect_clk_wiz_0_0                                                          | DemoInterconnect_i/clk_wiz_0/inst/mmcm_adv_inst/CLKOUT0                                    | DemoInterconnect_i/clk_wiz_0/inst/aclk_DemoInterconnect_clk_wiz_0_0     |
| src1      | g6        | MMCME2_ADV/CLKFBOUT | None       | MMCME2_ADV_X0Y0 | X0Y0         |           1 |               0 |              83.333 | clkfbout_DemoInterconnect_clk_wiz_0_0                                                      | DemoInterconnect_i/clk_wiz_0/inst/mmcm_adv_inst/CLKFBOUT                                   | DemoInterconnect_i/clk_wiz_0/inst/clkfbout_DemoInterconnect_clk_wiz_0_0 |
| src1      | g4, g5    | MMCME2_ADV/CLKOUT1  | None       | MMCME2_ADV_X0Y0 | X0Y0         |           2 |               0 |              83.333 | uart_DemoInterconnect_clk_wiz_0_0                                                          | DemoInterconnect_i/clk_wiz_0/inst/mmcm_adv_inst/CLKOUT1                                    | DemoInterconnect_i/clk_wiz_0/inst/uart_DemoInterconnect_clk_wiz_0_0     |
| src2      | g3        | BSCANE2/TCK         | None       | BSCAN_X0Y0      | X0Y0         |           1 |               0 |              33.000 | dbg_hub/inst/BSCANID.u_xsdbm_id/SWITCH_N_EXT_BSCAN.bscan_inst/SERIES7_BSCAN.bscan_inst/TCK | dbg_hub/inst/BSCANID.u_xsdbm_id/SWITCH_N_EXT_BSCAN.bscan_inst/SERIES7_BSCAN.bscan_inst/TCK | dbg_hub/inst/BSCANID.u_xsdbm_id/SWITCH_N_EXT_BSCAN.bscan_inst/tck_bs    |
+-----------+-----------+---------------------+------------+-----------------+--------------+-------------+-----------------+---------------------+--------------------------------------------------------------------------------------------+--------------------------------------------------------------------------------------------+-------------------------------------------------------------------------+
* Clock Loads column represents the clock pin loads (pin count)
** Non-Clock Loads column represents the non-clock pin loads (pin count)


4. Local Clock Details
----------------------

+----------+-----------------+------------+------------------+--------------+-------------+-----------------+--------------+-------+--------------------------------------------------------------------------------------------------------+--------------------------------------------------------------------------------------------------+
| Local Id | Driver Type/Pin | Constraint | Site/BEL         | Clock Region | Clock Loads | Non-Clock Loads | Clock Period | Clock | Driver Pin                                                                                             | Net                                                                                              |
+----------+-----------------+------------+------------------+--------------+-------------+-----------------+--------------+-------+--------------------------------------------------------------------------------------------------------+--------------------------------------------------------------------------------------------------||
| 0        | FDRE/Q          | None       | SLICE_X64Y32/AFF | X1Y0         |          16 |               2 |              |       | DemoInterconnect_i/axi_spi_master_0/U0/axi_spi_master_v1_0_S00_AXI_inst/spi_master_inst/sclk_reg_reg/Q | DemoInterconnect_i/axi_spi_master_0/U0/axi_spi_master_v1_0_S00_AXI_inst/spi_master_inst/sclk_reg - Static -
| 1        | FDRE/Q          | None       | SLICE_X64Y30/AFF | X1Y0         |          16 |               2 |              |       | DemoInterconnect_i/axi_spi_master_1/U0/axi_spi_master_v1_0_S00_AXI_inst/spi_master_inst/sclk_reg_reg/Q | DemoInterconnect_i/axi_spi_master_1/U0/axi_spi_master_v1_0_S00_AXI_inst/spi_master_inst/sclk_reg - Static -
| 2        | FDRE/Q          | None       | SLICE_X64Y28/AFF | X1Y0         |          16 |               2 |              |       | DemoInterconnect_i/axi_spi_master_2/U0/axi_spi_master_v1_0_S00_AXI_inst/spi_master_inst/sclk_reg_reg/Q | DemoInterconnect_i/axi_spi_master_2/U0/axi_spi_master_v1_0_S00_AXI_inst/spi_master_inst/sclk_reg - Static -
| 3        | FDRE/Q          | None       | SLICE_X63Y37/BFF | X1Y0         |          16 |               2 |              |       | DemoInterconnect_i/axi_spi_master_3/U0/axi_spi_master_v1_0_S00_AXI_inst/spi_master_inst/sclk_reg_reg/Q | DemoInterconnect_i/axi_spi_master_3/U0/axi_spi_master_v1_0_S00_AXI_inst/spi_master_inst/sclk_reg - Static -
+----------+-----------------+------------+------------------+--------------+-------------+-----------------+--------------+-------+--------------------------------------------------------------------------------------------------------+--------------------------------------------------------------------------------------------------||
* Local Clocks in this context represents only clocks driven by non-global buffers
** Clock Loads column represents the clock pin loads (pin count)
*** Non-Clock Loads column represents the non-clock pin loads (pin count)


5. Clock Regions: Key Resource Utilization
------------------------------------------

+-------------------+--------------+--------------+--------------+--------------+--------------+--------------+--------------+--------------+--------------+--------------+--------------+--------------+--------------+--------------+--------------+
|                   | Global Clock |     BUFRs    |    BUFMRs    |    BUFIOs    |     MMCM     |      PLL     |      GT      |      PCI     |    ILOGIC    |    OLOGIC    |      FF      |     LUTM     |    RAMB18    |    RAMB36    |    DSP48E2   |
+-------------------+------+-------+------+-------+------+-------+------+-------+------+-------+------+-------+------+-------+------+-------+------+-------+------+-------+------+-------+------+-------+------+-------+------+-------+------+-------+
| Clock Region Name | Used | Avail | Used | Avail | Used | Avail | Used | Avail | Used | Avail | Used | Avail | Used | Avail | Used | Avail | Used | Avail | Used | Avail | Used | Avail | Used | Avail | Used | Avail | Used | Avail | Used | Avail |
+-------------------+------+-------+------+-------+------+-------+------+-------+------+-------+------+-------+------+-------+------+-------+------+-------+------+-------+------+-------+------+-------+------+-------+------+-------+------+-------+
| X0Y0              |    6 |    12 |    0 |     4 |    0 |     2 |    0 |     4 |    1 |     1 |    0 |     1 |    0 |     0 |    0 |     0 |    0 |    50 |    0 |    50 |  337 |  1200 |   89 |   400 |    0 |    20 |    0 |    10 |    0 |    20 |
| X1Y0              |    2 |    12 |    0 |     4 |    0 |     2 |    0 |     4 |    1 |     1 |    0 |     1 |    0 |     0 |    0 |     0 |    0 |    50 |    4 |    50 | 1634 |  1500 |  473 |   450 |    0 |    40 |    2 |    20 |    0 |    20 |
| X0Y1              |    4 |    12 |    0 |     4 |    0 |     2 |    0 |     4 |    0 |     1 |    0 |     1 |    0 |     0 |    0 |     0 |    0 |    50 |    0 |    50 |  960 |  1200 |  281 |   400 |    0 |    20 |    4 |    10 |    0 |    20 |
| X1Y1              |    4 |    12 |    0 |     4 |    0 |     2 |    0 |     4 |    0 |     1 |    0 |     1 |    0 |     0 |    0 |     0 |    1 |    50 |    2 |    50 | 2791 |  1500 |  710 |   450 |    0 |    40 |    3 |    20 |    0 |    20 |
| X0Y2              |    3 |    12 |    0 |     4 |    0 |     2 |    0 |     4 |    0 |     1 |    0 |     1 |    0 |     0 |    0 |     0 |    1 |    50 |    0 |    50 |   68 |  1800 |   20 |   400 |    0 |    20 |    0 |    10 |    0 |    20 |
| X1Y2              |    1 |    12 |    0 |     0 |    0 |     0 |    0 |     0 |    0 |     0 |    0 |     0 |    0 |     4 |    0 |     1 |    0 |     0 |    0 |     0 |   65 |   950 |   13 |   300 |    0 |    10 |    0 |     5 |    0 |    20 |
+-------------------+------+-------+------+-------+------+-------+------+-------+------+-------+------+-------+------+-------+------+-------+------+-------+------+-------+------+-------+------+-------+------+-------+------+-------+------+-------+
* Global Clock column represents track count; while other columns represents cell counts


6. Clock Regions : Global Clock Summary
---------------------------------------

All Modules
+----+----+----+
|    | X0 | X1 |
+----+----+----+
| Y2 |  3 |  1 |
| Y1 |  4 |  4 |
| Y0 |  6 |  2 |
+----+----+----+


7. Device Cell Placement Summary for Global Clock g0
----------------------------------------------------

+-----------+-----------------+-------------------+-----------------------+-------------+---------------+-------------+----------+----------------+----------+------------------------------------------------+
| Global Id | Driver Type/Pin | Driver Region (D) | Clock                 | Period (ns) | Waveform (ns) | Slice Loads | IO Loads | Clocking Loads | GT Loads | Net                                            |
+-----------+-----------------+-------------------+-----------------------+-------------+---------------+-------------+----------+----------------+----------+------------------------------------------------+
| g0        | BUFG/O          | n/a               | USE_DIVIDER.dclk_mmcm |      13.889 | {0.000 6.944} |        2789 |        0 |              0 |        0 | dbg_hub/inst/BSCANID.u_xsdbm_id/sl_iport0_o[1] |
+-----------+-----------------+-------------------+-----------------------+-------------+---------------+-------------+----------+----------------+----------+------------------------------------------------+
* Logic Loads column represents load cell count of all cell types other than IO, GT and clock resources
** IO Loads column represents load cell count of IO types
*** Clocking Loads column represents load cell count that are clock resources (global clock buffer, MMCM, PLL, etc)
**** GT Loads column represents load cell count of GT types


+----+------+-------+
|    | X0   | X1    |
+----+------+-------+
| Y2 |   52 |    65 |
| Y1 |  603 |  1634 |
| Y0 |   57 |   378 |
+----+------+-------+


8. Device Cell Placement Summary for Global Clock g1
----------------------------------------------------

+-----------+-----------------+-------------------+-----------------------------------+-------------+---------------+-------------+----------+----------------+----------+----------------------------------------+
| Global Id | Driver Type/Pin | Driver Region (D) | Clock                             | Period (ns) | Waveform (ns) | Slice Loads | IO Loads | Clocking Loads | GT Loads | Net                                    |
+-----------+-----------------+-------------------+-----------------------------------+-------------+---------------+-------------+----------+----------------+----------+----------------------------------------+
| g1        | BUFGCTRL/O      | n/a               | aclk_DemoInterconnect_clk_wiz_0_0 |      13.889 | {0.000 6.944} |        2577 |        1 |              1 |        0 | DemoInterconnect_i/clk_wiz_0/inst/aclk |
+-----------+-----------------+-------------------+-----------------------------------+-------------+---------------+-------------+----------+----------------+----------+----------------------------------------+
* Logic Loads column represents load cell count of all cell types other than IO, GT and clock resources
** IO Loads column represents load cell count of IO types
*** Clocking Loads column represents load cell count that are clock resources (global clock buffer, MMCM, PLL, etc)
**** GT Loads column represents load cell count of GT types


+----+------+-------+
|    | X0   | X1    |
+----+------+-------+
| Y2 |   16 |     0 |
| Y1 |  211 |  1037 |
| Y0 |  106 |  1209 |
+----+------+-------+


9. Device Cell Placement Summary for Global Clock g2
----------------------------------------------------

+-----------+-----------------+-------------------+-----------------------------------+-------------+---------------+-------------+----------+----------------+----------+----------------------------------------------------------------------------+
| Global Id | Driver Type/Pin | Driver Region (D) | Clock                             | Period (ns) | Waveform (ns) | Slice Loads | IO Loads | Clocking Loads | GT Loads | Net                                                                        |
+-----------+-----------------+-------------------+-----------------------------------+-------------+---------------+-------------+----------+----------------+----------+----------------------------------------------------------------------------+
| g2        | BUFH/O          | X0Y0              | aclk_DemoInterconnect_clk_wiz_0_0 |      13.889 | {0.000 6.944} |           8 |        0 |              0 |        0 | DemoInterconnect_i/clk_wiz_0/inst/aclk_DemoInterconnect_clk_wiz_0_0_en_clk |
+-----------+-----------------+-------------------+-----------------------------------+-------------+---------------+-------------+----------+----------------+----------+----------------------------------------------------------------------------+
* Logic Loads column represents load cell count of all cell types other than IO, GT and clock resources
** IO Loads column represents load cell count of IO types
*** Clocking Loads column represents load cell count that are clock resources (global clock buffer, MMCM, PLL, etc)
**** GT Loads column represents load cell count of GT types


+----+--------+----+
|    | X0     | X1 |
+----+--------+----+
| Y2 |      0 |  0 |
| Y1 |      0 |  0 |
| Y0 |  (D) 8 |  0 |
+----+--------+----+


10. Device Cell Placement Summary for Global Clock g3
-----------------------------------------------------

+-----------+-----------------+-------------------+--------------------------------------------------------------------------------------------+-------------+----------------+-------------+----------+----------------+----------+----------------------------------------+
| Global Id | Driver Type/Pin | Driver Region (D) | Clock                                                                                      | Period (ns) | Waveform (ns)  | Slice Loads | IO Loads | Clocking Loads | GT Loads | Net                                    |
+-----------+-----------------+-------------------+--------------------------------------------------------------------------------------------+-------------+----------------+-------------+----------+----------------+----------+----------------------------------------+
| g3        | BUFG/O          | n/a               | dbg_hub/inst/BSCANID.u_xsdbm_id/SWITCH_N_EXT_BSCAN.bscan_inst/SERIES7_BSCAN.bscan_inst/TCK |      33.000 | {0.000 16.500} |         459 |        0 |              0 |        0 | dbg_hub/inst/BSCANID.u_xsdbm_id/itck_i |
+-----------+-----------------+-------------------+--------------------------------------------------------------------------------------------+-------------+----------------+-------------+----------+----------------+----------+----------------------------------------+
* Logic Loads column represents load cell count of all cell types other than IO, GT and clock resources
** IO Loads column represents load cell count of IO types
*** Clocking Loads column represents load cell count that are clock resources (global clock buffer, MMCM, PLL, etc)
**** GT Loads column represents load cell count of GT types


+----+------+------+
|    | X0   | X1   |
+----+------+------+
| Y2 |    0 |    0 |
| Y1 |  192 |  109 |
| Y0 |  158 |    0 |
+----+------+------+


11. Device Cell Placement Summary for Global Clock g4
-----------------------------------------------------

+-----------+-----------------+-------------------+-----------------------------------+-------------+----------------+-------------+----------+----------------+----------+----------------------------------------+
| Global Id | Driver Type/Pin | Driver Region (D) | Clock                             | Period (ns) | Waveform (ns)  | Slice Loads | IO Loads | Clocking Loads | GT Loads | Net                                    |
+-----------+-----------------+-------------------+-----------------------------------+-------------+----------------+-------------+----------+----------------+----------+----------------------------------------+
| g4        | BUFGCTRL/O      | n/a               | uart_DemoInterconnect_clk_wiz_0_0 |      83.333 | {0.000 41.667} |          94 |        1 |              0 |        0 | DemoInterconnect_i/clk_wiz_0/inst/uart |
+-----------+-----------------+-------------------+-----------------------------------+-------------+----------------+-------------+----------+----------------+----------+----------------------------------------+
* Logic Loads column represents load cell count of all cell types other than IO, GT and clock resources
** IO Loads column represents load cell count of IO types
*** Clocking Loads column represents load cell count that are clock resources (global clock buffer, MMCM, PLL, etc)
**** GT Loads column represents load cell count of GT types


+----+----+-----+
|    | X0 | X1  |
+----+----+-----+
| Y2 |  2 |   0 |
| Y1 |  1 |  92 |
| Y0 |  0 |   0 |
+----+----+-----+


12. Device Cell Placement Summary for Global Clock g5
-----------------------------------------------------

+-----------+-----------------+-------------------+-----------------------------------+-------------+----------------+-------------+----------+----------------+----------+----------------------------------------------------------------------------+
| Global Id | Driver Type/Pin | Driver Region (D) | Clock                             | Period (ns) | Waveform (ns)  | Slice Loads | IO Loads | Clocking Loads | GT Loads | Net                                                                        |
+-----------+-----------------+-------------------+-----------------------------------+-------------+----------------+-------------+----------+----------------+----------+----------------------------------------------------------------------------+
| g5        | BUFH/O          | X0Y0              | uart_DemoInterconnect_clk_wiz_0_0 |      83.333 | {0.000 41.667} |           8 |        0 |              0 |        0 | DemoInterconnect_i/clk_wiz_0/inst/uart_DemoInterconnect_clk_wiz_0_0_en_clk |
+-----------+-----------------+-------------------+-----------------------------------+-------------+----------------+-------------+----------+----------------+----------+----------------------------------------------------------------------------+
* Logic Loads column represents load cell count of all cell types other than IO, GT and clock resources
** IO Loads column represents load cell count of IO types
*** Clocking Loads column represents load cell count that are clock resources (global clock buffer, MMCM, PLL, etc)
**** GT Loads column represents load cell count of GT types


+----+--------+----+
|    | X0     | X1 |
+----+--------+----+
| Y2 |      0 |  0 |
| Y1 |      0 |  0 |
| Y0 |  (D) 8 |  0 |
+----+--------+----+


13. Device Cell Placement Summary for Global Clock g6
-----------------------------------------------------

+-----------+-----------------+-------------------+---------------------------------------+-------------+----------------+-------------+----------+----------------+----------+-----------------------------------------------------------------------------+
| Global Id | Driver Type/Pin | Driver Region (D) | Clock                                 | Period (ns) | Waveform (ns)  | Slice Loads | IO Loads | Clocking Loads | GT Loads | Net                                                                         |
+-----------+-----------------+-------------------+---------------------------------------+-------------+----------------+-------------+----------+----------------+----------+-----------------------------------------------------------------------------+
| g6        | BUFG/O          | n/a               | clkfbout_DemoInterconnect_clk_wiz_0_0 |      83.333 | {0.000 41.667} |           0 |        0 |              1 |        0 | DemoInterconnect_i/clk_wiz_0/inst/clkfbout_buf_DemoInterconnect_clk_wiz_0_0 |
+-----------+-----------------+-------------------+---------------------------------------+-------------+----------------+-------------+----------+----------------+----------+-----------------------------------------------------------------------------+
* Logic Loads column represents load cell count of all cell types other than IO, GT and clock resources
** IO Loads column represents load cell count of IO types
*** Clocking Loads column represents load cell count that are clock resources (global clock buffer, MMCM, PLL, etc)
**** GT Loads column represents load cell count of GT types


+----+----+----+
|    | X0 | X1 |
+----+----+----+
| Y2 |  0 |  0 |
| Y1 |  0 |  0 |
| Y0 |  1 |  0 |
+----+----+----+


14. Clock Region Cell Placement per Global Clock: Region X0Y0
-------------------------------------------------------------

+-----------+-------+-----------------+------------+-------------+-----------------+-----+--------+------+-----+----+------+-----+---------+-----------------------------------------------------------------------------+
| Global Id | Track | Driver Type/Pin | Constraint | Clock Loads | Non-Clock Loads | FF  | LUTRAM | RAMB | DSP | GT | MMCM | PLL | Hard IP | Net                                                                         |
+-----------+-------+-----------------+------------+-------------+-----------------+-----+--------+------+-----+----+------+-----+---------+-----------------------------------------------------------------------------+
| g0        | n/a   | BUFG/O          | None       |          57 |               0 |  57 |      0 |    0 |   0 |  0 |    0 |   0 |       0 | dbg_hub/inst/BSCANID.u_xsdbm_id/sl_iport0_o[1]                              |
| g1        | n/a   | BUFGCTRL/O      | None       |         106 |               0 | 106 |      0 |    0 |   0 |  0 |    0 |   0 |       0 | DemoInterconnect_i/clk_wiz_0/inst/aclk                                      |
| g3        | n/a   | BUFG/O          | None       |         158 |               0 | 158 |      0 |    0 |   0 |  0 |    0 |   0 |       0 | dbg_hub/inst/BSCANID.u_xsdbm_id/itck_i                                      |
| g2        | n/a   | BUFH/O          | None       |           8 |               0 |   8 |      0 |    0 |   0 |  0 |    0 |   0 |       0 | DemoInterconnect_i/clk_wiz_0/inst/aclk_DemoInterconnect_clk_wiz_0_0_en_clk  |
| g5        | n/a   | BUFH/O          | None       |           8 |               0 |   8 |      0 |    0 |   0 |  0 |    0 |   0 |       0 | DemoInterconnect_i/clk_wiz_0/inst/uart_DemoInterconnect_clk_wiz_0_0_en_clk  |
| g6        | n/a   | BUFG/O          | None       |           1 |               0 |   0 |      0 |    0 |   0 |  0 |    1 |   0 |       0 | DemoInterconnect_i/clk_wiz_0/inst/clkfbout_buf_DemoInterconnect_clk_wiz_0_0 |
+-----------+-------+-----------------+------------+-------------+-----------------+-----+--------+------+-----+----+------+-----+---------+-----------------------------------------------------------------------------+
* Clock Loads column represents the clock pin loads (pin count)
** Non-Clock Loads column represents the non-clock pin loads (pin count)
*** Columns FF, LUTRAM, RAMB through 'Hard IP' represents load cell counts


15. Clock Region Cell Placement per Global Clock: Region X1Y0
-------------------------------------------------------------

+-----------+-------+-----------------+------------+-------------+-----------------+------+--------+------+-----+----+------+-----+---------+------------------------------------------------+
| Global Id | Track | Driver Type/Pin | Constraint | Clock Loads | Non-Clock Loads | FF   | LUTRAM | RAMB | DSP | GT | MMCM | PLL | Hard IP | Net                                            |
+-----------+-------+-----------------+------------+-------------+-----------------+------+--------+------+-----+----+------+-----+---------+------------------------------------------------+
| g0        | n/a   | BUFG/O          | None       |         378 |               0 |  376 |      0 |    2 |   0 |  0 |    0 |   0 |       0 | dbg_hub/inst/BSCANID.u_xsdbm_id/sl_iport0_o[1] |
| g1        | n/a   | BUFGCTRL/O      | None       |        1209 |               0 | 1194 |     12 |    2 |   0 |  0 |    1 |   0 |       0 | DemoInterconnect_i/clk_wiz_0/inst/aclk         |
+-----------+-------+-----------------+------------+-------------+-----------------+------+--------+------+-----+----+------+-----+---------+------------------------------------------------+
* Clock Loads column represents the clock pin loads (pin count)
** Non-Clock Loads column represents the non-clock pin loads (pin count)
*** Columns FF, LUTRAM, RAMB through 'Hard IP' represents load cell counts


16. Clock Region Cell Placement per Global Clock: Region X0Y1
-------------------------------------------------------------

+-----------+-------+-----------------+------------+-------------+-----------------+-----+--------+------+-----+----+------+-----+---------+------------------------------------------------+
| Global Id | Track | Driver Type/Pin | Constraint | Clock Loads | Non-Clock Loads | FF  | LUTRAM | RAMB | DSP | GT | MMCM | PLL | Hard IP | Net                                            |
+-----------+-------+-----------------+------------+-------------+-----------------+-----+--------+------+-----+----+------+-----+---------+------------------------------------------------+
| g0        | n/a   | BUFG/O          | None       |         603 |               0 | 576 |     23 |    4 |   0 |  0 |    0 |   0 |       0 | dbg_hub/inst/BSCANID.u_xsdbm_id/sl_iport0_o[1] |
| g1        | n/a   | BUFGCTRL/O      | None       |         211 |               0 | 191 |     16 |    4 |   0 |  0 |    0 |   0 |       0 | DemoInterconnect_i/clk_wiz_0/inst/aclk         |
| g3        | n/a   | BUFG/O          | None       |         192 |               0 | 192 |      0 |    0 |   0 |  0 |    0 |   0 |       0 | dbg_hub/inst/BSCANID.u_xsdbm_id/itck_i         |
| g4        | n/a   | BUFGCTRL/O      | None       |           1 |               0 |   1 |      0 |    0 |   0 |  0 |    0 |   0 |       0 | DemoInterconnect_i/clk_wiz_0/inst/uart         |
+-----------+-------+-----------------+------------+-------------+-----------------+-----+--------+------+-----+----+------+-----+---------+------------------------------------------------+
* Clock Loads column represents the clock pin loads (pin count)
** Non-Clock Loads column represents the non-clock pin loads (pin count)
*** Columns FF, LUTRAM, RAMB through 'Hard IP' represents load cell counts


17. Clock Region Cell Placement per Global Clock: Region X1Y1
-------------------------------------------------------------

+-----------+-------+-----------------+------------+-------------+-----------------+------+--------+------+-----+----+------+-----+---------+------------------------------------------------+
| Global Id | Track | Driver Type/Pin | Constraint | Clock Loads | Non-Clock Loads | FF   | LUTRAM | RAMB | DSP | GT | MMCM | PLL | Hard IP | Net                                            |
+-----------+-------+-----------------+------------+-------------+-----------------+------+--------+------+-----+----+------+-----+---------+------------------------------------------------+
| g0        | n/a   | BUFG/O          | None       |        1634 |               0 | 1608 |     21 |    3 |   0 |  0 |    0 |   0 |       0 | dbg_hub/inst/BSCANID.u_xsdbm_id/sl_iport0_o[1] |
| g1        | n/a   | BUFGCTRL/O      | None       |        1037 |               0 |  982 |     50 |    3 |   0 |  0 |    0 |   0 |       0 | DemoInterconnect_i/clk_wiz_0/inst/aclk         |
| g3        | n/a   | BUFG/O          | None       |         109 |               0 |  109 |      0 |    0 |   0 |  0 |    0 |   0 |       0 | dbg_hub/inst/BSCANID.u_xsdbm_id/itck_i         |
| g4        | n/a   | BUFGCTRL/O      | None       |          92 |               0 |   92 |      0 |    0 |   0 |  0 |    0 |   0 |       0 | DemoInterconnect_i/clk_wiz_0/inst/uart         |
+-----------+-------+-----------------+------------+-------------+-----------------+------+--------+------+-----+----+------+-----+---------+------------------------------------------------+
* Clock Loads column represents the clock pin loads (pin count)
** Non-Clock Loads column represents the non-clock pin loads (pin count)
*** Columns FF, LUTRAM, RAMB through 'Hard IP' represents load cell counts


18. Clock Region Cell Placement per Global Clock: Region X0Y2
-------------------------------------------------------------

+-----------+-------+-----------------+------------+-------------+-----------------+----+--------+------+-----+----+------+-----+---------+------------------------------------------------+
| Global Id | Track | Driver Type/Pin | Constraint | Clock Loads | Non-Clock Loads | FF | LUTRAM | RAMB | DSP | GT | MMCM | PLL | Hard IP | Net                                            |
+-----------+-------+-----------------+------------+-------------+-----------------+----+--------+------+-----+----+------+-----+---------+------------------------------------------------+
| g0        | n/a   | BUFG/O          | None       |          52 |               0 | 52 |      0 |    0 |   0 |  0 |    0 |   0 |       0 | dbg_hub/inst/BSCANID.u_xsdbm_id/sl_iport0_o[1] |
| g1        | n/a   | BUFGCTRL/O      | None       |          15 |               1 | 15 |      0 |    0 |   0 |  0 |    0 |   0 |       0 | DemoInterconnect_i/clk_wiz_0/inst/aclk         |
| g4        | n/a   | BUFGCTRL/O      | None       |           1 |               1 |  1 |      0 |    0 |   0 |  0 |    0 |   0 |       0 | DemoInterconnect_i/clk_wiz_0/inst/uart         |
+-----------+-------+-----------------+------------+-------------+-----------------+----+--------+------+-----+----+------+-----+---------+------------------------------------------------+
* Clock Loads column represents the clock pin loads (pin count)
** Non-Clock Loads column represents the non-clock pin loads (pin count)
*** Columns FF, LUTRAM, RAMB through 'Hard IP' represents load cell counts


19. Clock Region Cell Placement per Global Clock: Region X1Y2
-------------------------------------------------------------

+-----------+-------+-----------------+------------+-------------+-----------------+----+--------+------+-----+----+------+-----+---------+------------------------------------------------+
| Global Id | Track | Driver Type/Pin | Constraint | Clock Loads | Non-Clock Loads | FF | LUTRAM | RAMB | DSP | GT | MMCM | PLL | Hard IP | Net                                            |
+-----------+-------+-----------------+------------+-------------+-----------------+----+--------+------+-----+----+------+-----+---------+------------------------------------------------+
| g0        | n/a   | BUFG/O          | None       |          65 |               0 | 65 |      0 |    0 |   0 |  0 |    0 |   0 |       0 | dbg_hub/inst/BSCANID.u_xsdbm_id/sl_iport0_o[1] |
+-----------+-------+-----------------+------------+-------------+-----------------+----+--------+------+-----+----+------+-----+---------+------------------------------------------------+
* Clock Loads column represents the clock pin loads (pin count)
** Non-Clock Loads column represents the non-clock pin loads (pin count)
*** Columns FF, LUTRAM, RAMB through 'Hard IP' represents load cell counts



# Location of BUFG Primitives 
set_property LOC BUFGCTRL_X0Y2 [get_cells dbg_hub/inst/BSCANID.u_xsdbm_id/USE_DIVIDER.BUFG_inst_div]
set_property LOC BUFGCTRL_X0Y3 [get_cells dbg_hub/inst/BSCANID.u_xsdbm_id/SWITCH_N_EXT_BSCAN.u_bufg_icon_tck]
set_property LOC BUFGCTRL_X0Y1 [get_cells DemoInterconnect_i/clk_wiz_0/inst/clkout2_buf]
set_property LOC BUFGCTRL_X0Y4 [get_cells DemoInterconnect_i/clk_wiz_0/inst/clkf_buf]
set_property LOC BUFGCTRL_X0Y0 [get_cells DemoInterconnect_i/clk_wiz_0/inst/clkout1_buf]

# Location of BUFH Primitives 
set_property LOC BUFHCE_X0Y1 [get_cells DemoInterconnect_i/clk_wiz_0/inst/clkout2_buf_en]
set_property LOC BUFHCE_X0Y0 [get_cells DemoInterconnect_i/clk_wiz_0/inst/clkout1_buf_en]

# Location of IO Primitives which is load of clock spine
set_property LOC IOB_X0Y124 [get_cells LED1_pll_uart_OBUF_inst]
set_property LOC IOB_X0Y125 [get_cells LED0_pll_aclk_OBUF_inst]

# Location of clock ports
set_property LOC IOB_X0Y26 [get_ports sys_clk]

# Clock net "dbg_hub/inst/BSCANID.u_xsdbm_id/sl_iport0_o[1]" driven by instance "dbg_hub/inst/BSCANID.u_xsdbm_id/USE_DIVIDER.BUFG_inst_div" located at site "BUFGCTRL_X0Y2"
#startgroup
create_pblock {CLKAG_dbg_hub/inst/BSCANID.u_xsdbm_id/sl_iport0_o[1]}
add_cells_to_pblock [get_pblocks  {CLKAG_dbg_hub/inst/BSCANID.u_xsdbm_id/sl_iport0_o[1]}] [get_cells -filter { PRIMITIVE_GROUP != I/O && IS_PRIMITIVE==1 && PRIMITIVE_LEVEL !=INTERNAL } -of_object [get_pins -filter {DIRECTION==IN} -of_objects [get_nets -hierarchical -filter {PARENT=="dbg_hub/inst/BSCANID.u_xsdbm_id/sl_iport0_o[1]"}]]]
resize_pblock [get_pblocks {CLKAG_dbg_hub/inst/BSCANID.u_xsdbm_id/sl_iport0_o[1]}] -add {CLOCKREGION_X0Y0:CLOCKREGION_X0Y0 CLOCKREGION_X0Y1:CLOCKREGION_X0Y1 CLOCKREGION_X0Y2:CLOCKREGION_X0Y2 CLOCKREGION_X1Y0:CLOCKREGION_X1Y0 CLOCKREGION_X1Y1:CLOCKREGION_X1Y1 CLOCKREGION_X1Y2:CLOCKREGION_X1Y2}
#endgroup

# Clock net "dbg_hub/inst/BSCANID.u_xsdbm_id/itck_i" driven by instance "dbg_hub/inst/BSCANID.u_xsdbm_id/SWITCH_N_EXT_BSCAN.u_bufg_icon_tck" located at site "BUFGCTRL_X0Y3"
#startgroup
create_pblock {CLKAG_dbg_hub/inst/BSCANID.u_xsdbm_id/itck_i}
add_cells_to_pblock [get_pblocks  {CLKAG_dbg_hub/inst/BSCANID.u_xsdbm_id/itck_i}] [get_cells -filter { PRIMITIVE_GROUP != I/O && IS_PRIMITIVE==1 && PRIMITIVE_LEVEL !=INTERNAL } -of_object [get_pins -filter {DIRECTION==IN} -of_objects [get_nets -hierarchical -filter {PARENT=="dbg_hub/inst/BSCANID.u_xsdbm_id/itck_i"}]]]
resize_pblock [get_pblocks {CLKAG_dbg_hub/inst/BSCANID.u_xsdbm_id/itck_i}] -add {CLOCKREGION_X0Y0:CLOCKREGION_X0Y0 CLOCKREGION_X0Y1:CLOCKREGION_X0Y1 CLOCKREGION_X1Y1:CLOCKREGION_X1Y1}
#endgroup

# Clock net "DemoInterconnect_i/clk_wiz_0/inst/uart_DemoInterconnect_clk_wiz_0_0_en_clk" driven by instance "DemoInterconnect_i/clk_wiz_0/inst/clkout2_buf_en" located at site "BUFHCE_X0Y1"
#startgroup
create_pblock {CLKAG_DemoInterconnect_i/clk_wiz_0/inst/uart_DemoInterconnect_clk_wiz_0_0_en_clk}
add_cells_to_pblock [get_pblocks  {CLKAG_DemoInterconnect_i/clk_wiz_0/inst/uart_DemoInterconnect_clk_wiz_0_0_en_clk}] [get_cells -filter { PRIMITIVE_GROUP != I/O && IS_PRIMITIVE==1 && PRIMITIVE_LEVEL !=INTERNAL } -of_object [get_pins -filter {DIRECTION==IN} -of_objects [get_nets -hierarchical -filter {PARENT=="DemoInterconnect_i/clk_wiz_0/inst/uart_DemoInterconnect_clk_wiz_0_0_en_clk"}]]]
resize_pblock [get_pblocks {CLKAG_DemoInterconnect_i/clk_wiz_0/inst/uart_DemoInterconnect_clk_wiz_0_0_en_clk}] -add {CLOCKREGION_X0Y0:CLOCKREGION_X0Y0}
#endgroup

# Clock net "DemoInterconnect_i/clk_wiz_0/inst/uart" driven by instance "DemoInterconnect_i/clk_wiz_0/inst/clkout2_buf" located at site "BUFGCTRL_X0Y1"
#startgroup
create_pblock {CLKAG_DemoInterconnect_i/clk_wiz_0/inst/uart}
add_cells_to_pblock [get_pblocks  {CLKAG_DemoInterconnect_i/clk_wiz_0/inst/uart}] [get_cells -filter { PRIMITIVE_GROUP != I/O && IS_PRIMITIVE==1 && PRIMITIVE_LEVEL !=INTERNAL && NAME!=LED1_pll_uart_OBUF_inst} -of_object [get_pins -filter {DIRECTION==IN} -of_objects [get_nets -hierarchical -filter {PARENT=="DemoInterconnect_i/clk_wiz_0/inst/uart"}]]]
resize_pblock [get_pblocks {CLKAG_DemoInterconnect_i/clk_wiz_0/inst/uart}] -add {CLOCKREGION_X0Y1:CLOCKREGION_X0Y1 CLOCKREGION_X0Y2:CLOCKREGION_X0Y2 CLOCKREGION_X1Y1:CLOCKREGION_X1Y1}
#endgroup

# Clock net "DemoInterconnect_i/clk_wiz_0/inst/aclk_DemoInterconnect_clk_wiz_0_0_en_clk" driven by instance "DemoInterconnect_i/clk_wiz_0/inst/clkout1_buf_en" located at site "BUFHCE_X0Y0"
#startgroup
create_pblock {CLKAG_DemoInterconnect_i/clk_wiz_0/inst/aclk_DemoInterconnect_clk_wiz_0_0_en_clk}
add_cells_to_pblock [get_pblocks  {CLKAG_DemoInterconnect_i/clk_wiz_0/inst/aclk_DemoInterconnect_clk_wiz_0_0_en_clk}] [get_cells -filter { PRIMITIVE_GROUP != I/O && IS_PRIMITIVE==1 && PRIMITIVE_LEVEL !=INTERNAL } -of_object [get_pins -filter {DIRECTION==IN} -of_objects [get_nets -hierarchical -filter {PARENT=="DemoInterconnect_i/clk_wiz_0/inst/aclk_DemoInterconnect_clk_wiz_0_0_en_clk"}]]]
resize_pblock [get_pblocks {CLKAG_DemoInterconnect_i/clk_wiz_0/inst/aclk_DemoInterconnect_clk_wiz_0_0_en_clk}] -add {CLOCKREGION_X0Y0:CLOCKREGION_X0Y0}
#endgroup

# Clock net "DemoInterconnect_i/clk_wiz_0/inst/aclk" driven by instance "DemoInterconnect_i/clk_wiz_0/inst/clkout1_buf" located at site "BUFGCTRL_X0Y0"
#startgroup
create_pblock {CLKAG_DemoInterconnect_i/clk_wiz_0/inst/aclk}
add_cells_to_pblock [get_pblocks  {CLKAG_DemoInterconnect_i/clk_wiz_0/inst/aclk}] [get_cells -filter { PRIMITIVE_GROUP != I/O && IS_PRIMITIVE==1 && PRIMITIVE_LEVEL !=INTERNAL && NAME!=dbg_hub/inst/BSCANID.u_xsdbm_id/USE_DIVIDER.N_ULTRASCALE.U_GT_MMCM && NAME!=LED0_pll_aclk_OBUF_inst} -of_object [get_pins -filter {DIRECTION==IN} -of_objects [get_nets -hierarchical -filter {PARENT=="DemoInterconnect_i/clk_wiz_0/inst/aclk"}]]]
resize_pblock [get_pblocks {CLKAG_DemoInterconnect_i/clk_wiz_0/inst/aclk}] -add {CLOCKREGION_X0Y0:CLOCKREGION_X0Y0 CLOCKREGION_X0Y1:CLOCKREGION_X0Y1 CLOCKREGION_X0Y2:CLOCKREGION_X0Y2 CLOCKREGION_X1Y0:CLOCKREGION_X1Y0 CLOCKREGION_X1Y1:CLOCKREGION_X1Y1}
#endgroup
